<html>
<body>
<pre>
<h1>µVision Build Log</h1>
<h2>Project:</h2>
E:\v24be8o2\v24be8o2\ARM\project\nodeB\nodeB.uvproj
Project File Date:  09/01/2025

<h2>Output:</h2>
Build target 'Target 1'
assembling Startup.s...
compiling adc_driver.c...
compiling can2_driver.c...
compiling can2_rx_interrupt.c...
compiling dashborad.c...
compiling delay.c...
compiling lcd_driver.c...
linking...
Program Size: Code=8660 RO-data=72 RW-data=8 ZI-data=1280  
FromELF: creating hex file...
"nodeB111.axf" - 0 Error(s), 0 Warning(s).
Build target 'Target 1'
assembling Startup.s...
compiling adc_driver.c...
compiling can2_driver.c...
compiling can2_rx_interrupt.c...
compiling dashborad.c...
compiling delay.c...
compiling lcd_driver.c...
linking...
Program Size: Code=8660 RO-data=72 RW-data=8 ZI-data=1280  
FromELF: creating hex file...
"nodeB.axf" - 0 Error(s), 0 Warning(s).
Build target 'Target 1'
compiling lcd_driver.c...
linking...
Program Size: Code=8660 RO-data=72 RW-data=8 ZI-data=1280  
FromELF: creating hex file...
"nodeB.axf" - 0 Error(s), 0 Warning(s).
Build target 'Target 1'
assembling Startup.s...
compiling adc_driver.c...
compiling can2_driver.c...
compiling can2_rx_interrupt.c...
compiling dashborad.c...
compiling delay.c...
compiling lcd_driver.c...
linking...
Program Size: Code=8660 RO-data=72 RW-data=8 ZI-data=1280  
FromELF: creating hex file...
"nodeB.axf" - 0 Error(s), 0 Warning(s).
Build target 'Target 1'
assembling Startup.s...
compiling adc_driver.c...
compiling can2_driver.c...
compiling can2_rx_interrupt.c...
compiling dashborad.c...
compiling delay.c...
compiling lcd_driver.c...
linking...
Program Size: Code=8676 RO-data=72 RW-data=8 ZI-data=1280  
FromELF: creating hex file...
"nodeB.axf" - 0 Error(s), 0 Warning(s).
